Flow report for mcscc
Tue May 30 22:00:52 2017
Quartus II Version 9.0 Build 132 02/25/2009 SJ Full Version


---------------------
; Table of Contents ;
---------------------
  1. Legal Notice
  2. Flow Summary
  3. Flow Settings
  4. Flow Non-Default Global Settings
  5. Flow Elapsed Time
  6. Flow OS Summary
  7. Flow Log



----------------
; Legal Notice ;
----------------
Copyright (C) 1991-2009 Altera Corporation
Your use of Altera Corporation's design tools, logic functions 
and other software and tools, and its AMPP partner logic 
functions, and any output files from any of the foregoing 
(including device programming or simulation files), and any 
associated documentation or information are expressly subject 
to the terms and conditions of the Altera Program License 
Subscription Agreement, Altera MegaCore Function License 
Agreement, or other applicable license agreement, including, 
without limitation, that your use is for the sole purpose of 
programming logic devices manufactured by Altera and sold by 
Altera or its authorized distributors.  Please refer to the 
applicable agreement for further details.



+-------------------------------------------------------------------------------+
; Flow Summary                                                                  ;
+------------------------------------+------------------------------------------+
; Flow Status                        ; Successful - Tue May 30 22:00:52 2017    ;
; Quartus II Version                 ; 9.0 Build 132 02/25/2009 SJ Full Version ;
; Revision Name                      ; mcscc                                    ;
; Top-level Entity Name              ; mcscc                                    ;
; Family                             ; Cyclone II                               ;
; Device                             ; EP2C5Q208C8                              ;
; Timing Models                      ; Final                                    ;
; Met timing requirements            ; No                                       ;
; Total logic elements               ; 3,730 / 4,608 ( 81 % )                   ;
;     Total combinational functions  ; 3,380 / 4,608 ( 73 % )                   ;
;     Dedicated logic registers      ; 1,687 / 4,608 ( 37 % )                   ;
; Total registers                    ; 1687                                     ;
; Total pins                         ; 138 / 142 ( 97 % )                       ;
; Total virtual pins                 ; 0                                        ;
; Total memory bits                  ; 9,426 / 119,808 ( 8 % )                  ;
; Embedded Multiplier 9-bit elements ; 1 / 26 ( 4 % )                           ;
; Total PLLs                         ; 1 / 2 ( 50 % )                           ;
+------------------------------------+------------------------------------------+


+-----------------------------------------+
; Flow Settings                           ;
+-------------------+---------------------+
; Option            ; Setting             ;
+-------------------+---------------------+
; Start date & time ; 05/30/2017 21:59:46 ;
; Main task         ; Compilation         ;
; Revision Name     ; mcscc               ;
+-------------------+---------------------+


+-------------------------------------------------------------------------------------------------------------------------------+
; Flow Non-Default Global Settings                                                                                              ;
+----------------------------+----------------------------------------+------------------------------+-------------+------------+
; Assignment Name            ; Value                                  ; Default Value                ; Entity Name ; Section Id ;
+----------------------------+----------------------------------------+------------------------------+-------------+------------+
; AUTO_FAST_INPUT_REGISTERS  ; On                                     ; Off                          ; --          ; --         ;
; AUTO_FAST_OUTPUT_REGISTERS ; On                                     ; Off                          ; --          ; --         ;
; COMPILER_SIGNATURE_ID      ; 18413740489792.149615638622116         ; --                           ; --          ; --         ;
; INCREMENTAL_COMPILATION    ; Off                                    ; FULL_INCREMENTAL_COMPILATION ; --          ; --         ;
; IP_TOOL_NAME               ; ALTPLL                                 ; --                           ; --          ; --         ;
; IP_TOOL_NAME               ; ALTPLL                                 ; --                           ; --          ; --         ;
; IP_TOOL_VERSION            ; 9.0                                    ; --                           ; --          ; --         ;
; IP_TOOL_VERSION            ; 9.0                                    ; --                           ; --          ; --         ;
; MAX_CORE_JUNCTION_TEMP     ; 85                                     ; --                           ; --          ; --         ;
; MIN_CORE_JUNCTION_TEMP     ; 0                                      ; --                           ; --          ; --         ;
; MISC_FILE                  ; K:/msx/ALTERA_S_MSX/aa/mcscc/mcscc.dpf ; --                           ; --          ; --         ;
; MISC_FILE                  ; K:/msx/ALTERA_S_MSX/aa/scc/scc.dpf     ; --                           ; --          ; --         ;
; MISC_FILE                  ; MPLL1.bsf                              ; --                           ; --          ; --         ;
; MISC_FILE                  ; MPLL1.cmp                              ; --                           ; --          ; --         ;
; MISC_FILE                  ; MPLL1.ppf                              ; --                           ; --          ; --         ;
; MISC_FILE                  ; MPLL2.bsf                              ; --                           ; --          ; --         ;
; MISC_FILE                  ; MPLL2.cmp                              ; --                           ; --          ; --         ;
; MISC_FILE                  ; MPLL2.ppf                              ; --                           ; --          ; --         ;
; NUM_PARALLEL_PROCESSORS    ; 1                                      ; --                           ; --          ; --         ;
+----------------------------+----------------------------------------+------------------------------+-------------+------------+


+-----------------------------------------------------------------------------------------------------------------------------+
; Flow Elapsed Time                                                                                                           ;
+-------------------------+--------------+-------------------------+---------------------+------------------------------------+
; Module Name             ; Elapsed Time ; Average Processors Used ; Peak Virtual Memory ; Total CPU Time (on all processors) ;
+-------------------------+--------------+-------------------------+---------------------+------------------------------------+
; Analysis & Synthesis    ; 00:00:42     ; 1.0                     ; 263 MB              ; 00:00:40                           ;
; Fitter                  ; 00:00:18     ; 1.0                     ; 253 MB              ; 00:00:17                           ;
; Assembler               ; 00:00:02     ; 1.0                     ; 210 MB              ; 00:00:02                           ;
; Classic Timing Analyzer ; 00:00:01     ; 1.0                     ; 202 MB              ; 00:00:01                           ;
; Total                   ; 00:01:03     ; --                      ; --                  ; 00:01:00                           ;
+-------------------------+--------------+-------------------------+---------------------+------------------------------------+


+------------------------------------------------------------------------------------------+
; Flow OS Summary                                                                          ;
+-------------------------+------------------+---------------+------------+----------------+
; Module Name             ; Machine Hostname ; OS Name       ; OS Version ; Processor type ;
+-------------------------+------------------+---------------+------------+----------------+
; Analysis & Synthesis    ; magic003         ; Windows Vista ; 6.1        ; x86_64         ;
; Fitter                  ; magic003         ; Windows Vista ; 6.1        ; x86_64         ;
; Assembler               ; magic003         ; Windows Vista ; 6.1        ; x86_64         ;
; Classic Timing Analyzer ; magic003         ; Windows Vista ; 6.1        ; x86_64         ;
+-------------------------+------------------+---------------+------------+----------------+


------------
; Flow Log ;
------------
quartus_map --read_settings_files=on --write_settings_files=off mcscc -c mcscc
quartus_fit --read_settings_files=off --write_settings_files=off mcscc -c mcscc
quartus_asm --read_settings_files=off --write_settings_files=off mcscc -c mcscc
quartus_tan --read_settings_files=off --write_settings_files=off mcscc -c mcscc --timing_analysis_only



